------------------------------------------------------------
TimeQuest Timing Analyzer Summary
------------------------------------------------------------

Type  : Slow 1200mV 85C Model Setup 'SubMain:SubMain_1|StateMachine:StateMachine_1|mode.st_300'
Slack : -9.251
TNS   : -96.616

Type  : Slow 1200mV 85C Model Setup 'BtnClear'
Slack : -7.052
TNS   : -61.310

Type  : Slow 1200mV 85C Model Setup 'clk'
Slack : -5.030
TNS   : -75.152

Type  : Slow 1200mV 85C Model Setup 'SubMain:SubMain_1|StateMachine:StateMachine_1|mode.st_111'
Slack : -4.926
TNS   : -51.048

Type  : Slow 1200mV 85C Model Hold 'SubMain:SubMain_1|StateMachine:StateMachine_1|mode.st_300'
Slack : -0.263
TNS   : -0.263

Type  : Slow 1200mV 85C Model Hold 'SubMain:SubMain_1|StateMachine:StateMachine_1|mode.st_111'
Slack : -0.037
TNS   : -0.037

Type  : Slow 1200mV 85C Model Hold 'BtnClear'
Slack : 0.502
TNS   : 0.000

Type  : Slow 1200mV 85C Model Hold 'clk'
Slack : 1.140
TNS   : 0.000

Type  : Slow 1200mV 85C Model Minimum Pulse Width 'clk'
Slack : -3.000
TNS   : -28.700

Type  : Slow 1200mV 85C Model Minimum Pulse Width 'BtnClear'
Slack : -3.000
TNS   : -3.000

Type  : Slow 1200mV 85C Model Minimum Pulse Width 'SubMain:SubMain_1|StateMachine:StateMachine_1|mode.st_300'
Slack : 0.364
TNS   : 0.000

Type  : Slow 1200mV 85C Model Minimum Pulse Width 'SubMain:SubMain_1|StateMachine:StateMachine_1|mode.st_111'
Slack : 0.399
TNS   : 0.000

Type  : Slow 1200mV 0C Model Setup 'SubMain:SubMain_1|StateMachine:StateMachine_1|mode.st_300'
Slack : -8.658
TNS   : -89.985

Type  : Slow 1200mV 0C Model Setup 'BtnClear'
Slack : -6.547
TNS   : -56.094

Type  : Slow 1200mV 0C Model Setup 'clk'
Slack : -4.544
TNS   : -67.489

Type  : Slow 1200mV 0C Model Setup 'SubMain:SubMain_1|StateMachine:StateMachine_1|mode.st_111'
Slack : -4.449
TNS   : -45.923

Type  : Slow 1200mV 0C Model Hold 'SubMain:SubMain_1|StateMachine:StateMachine_1|mode.st_300'
Slack : -0.249
TNS   : -0.249

Type  : Slow 1200mV 0C Model Hold 'SubMain:SubMain_1|StateMachine:StateMachine_1|mode.st_111'
Slack : -0.054
TNS   : -0.054

Type  : Slow 1200mV 0C Model Hold 'BtnClear'
Slack : 0.652
TNS   : 0.000

Type  : Slow 1200mV 0C Model Hold 'clk'
Slack : 1.195
TNS   : 0.000

Type  : Slow 1200mV 0C Model Minimum Pulse Width 'clk'
Slack : -3.000
TNS   : -28.700

Type  : Slow 1200mV 0C Model Minimum Pulse Width 'BtnClear'
Slack : -3.000
TNS   : -3.000

Type  : Slow 1200mV 0C Model Minimum Pulse Width 'SubMain:SubMain_1|StateMachine:StateMachine_1|mode.st_111'
Slack : 0.369
TNS   : 0.000

Type  : Slow 1200mV 0C Model Minimum Pulse Width 'SubMain:SubMain_1|StateMachine:StateMachine_1|mode.st_300'
Slack : 0.388
TNS   : 0.000

Type  : Fast 1200mV 0C Model Setup 'SubMain:SubMain_1|StateMachine:StateMachine_1|mode.st_300'
Slack : -4.647
TNS   : -46.474

Type  : Fast 1200mV 0C Model Setup 'BtnClear'
Slack : -3.640
TNS   : -30.342

Type  : Fast 1200mV 0C Model Setup 'SubMain:SubMain_1|StateMachine:StateMachine_1|mode.st_111'
Slack : -2.405
TNS   : -23.673

Type  : Fast 1200mV 0C Model Setup 'clk'
Slack : -2.032
TNS   : -29.349

Type  : Fast 1200mV 0C Model Hold 'SubMain:SubMain_1|StateMachine:StateMachine_1|mode.st_300'
Slack : -0.106
TNS   : -0.106

Type  : Fast 1200mV 0C Model Hold 'BtnClear'
Slack : -0.021
TNS   : -0.021

Type  : Fast 1200mV 0C Model Hold 'SubMain:SubMain_1|StateMachine:StateMachine_1|mode.st_111'
Slack : -0.002
TNS   : -0.002

Type  : Fast 1200mV 0C Model Hold 'clk'
Slack : 0.278
TNS   : 0.000

Type  : Fast 1200mV 0C Model Minimum Pulse Width 'clk'
Slack : -3.000
TNS   : -23.565

Type  : Fast 1200mV 0C Model Minimum Pulse Width 'BtnClear'
Slack : -3.000
TNS   : -3.288

Type  : Fast 1200mV 0C Model Minimum Pulse Width 'SubMain:SubMain_1|StateMachine:StateMachine_1|mode.st_300'
Slack : 0.375
TNS   : 0.000

Type  : Fast 1200mV 0C Model Minimum Pulse Width 'SubMain:SubMain_1|StateMachine:StateMachine_1|mode.st_111'
Slack : 0.452
TNS   : 0.000

------------------------------------------------------------
