Analysis & Synthesis report for Main
Tue Dec 12 16:58:31 2017
Quartus Prime Version 17.0.0 Build 595 04/25/2017 SJ Lite Edition


---------------------
; Table of Contents ;
---------------------
  1. Legal Notice
  2. Analysis & Synthesis Summary
  3. Analysis & Synthesis Settings
  4. Parallel Compilation
  5. Analysis & Synthesis Source Files Read
  6. Analysis & Synthesis Resource Usage Summary
  7. Analysis & Synthesis Resource Utilization by Entity
  8. State Machine - |Main|SubMain:SubMain_1|StateMachine:StateMachine_1|mode
  9. User-Specified and Inferred Latches
 10. Registers Removed During Synthesis
 11. General Register Statistics
 12. Multiplexer Restructuring Statistics (Restructuring Performed)
 13. Port Connectivity Checks: "SubMain:SubMain_1|ClockDivider:ClockDivider_1"
 14. Port Connectivity Checks: "SubMain:SubMain_1"
 15. Post-Synthesis Netlist Statistics for Top Partition
 16. Elapsed Time Per Partition
 17. Analysis & Synthesis Messages



----------------
; Legal Notice ;
----------------
Copyright (C) 2017  Intel Corporation. All rights reserved.
Your use of Intel Corporation's design tools, logic functions 
and other software and tools, and its AMPP partner logic 
functions, and any output files from any of the foregoing 
(including device programming or simulation files), and any 
associated documentation or information are expressly subject 
to the terms and conditions of the Intel Program License 
Subscription Agreement, the Intel Quartus Prime License Agreement,
the Intel MegaCore Function License Agreement, or other 
applicable license agreement, including, without limitation, 
that your use is for the sole purpose of programming logic 
devices manufactured by Intel and sold by Intel or its 
authorized distributors.  Please refer to the applicable 
agreement for further details.



+----------------------------------------------------------------------------------+
; Analysis & Synthesis Summary                                                     ;
+------------------------------------+---------------------------------------------+
; Analysis & Synthesis Status        ; Successful - Tue Dec 12 16:58:31 2017       ;
; Quartus Prime Version              ; 17.0.0 Build 595 04/25/2017 SJ Lite Edition ;
; Revision Name                      ; Main                                        ;
; Top-level Entity Name              ; Main                                        ;
; Family                             ; Cyclone IV E                                ;
; Total logic elements               ; 230                                         ;
;     Total combinational functions  ; 226                                         ;
;     Dedicated logic registers      ; 43                                          ;
; Total registers                    ; 43                                          ;
; Total pins                         ; 59                                          ;
; Total virtual pins                 ; 0                                           ;
; Total memory bits                  ; 0                                           ;
; Embedded Multiplier 9-bit elements ; 0                                           ;
; Total PLLs                         ; 0                                           ;
+------------------------------------+---------------------------------------------+


+----------------------------------------------------------------------------------------------------------------------+
; Analysis & Synthesis Settings                                                                                        ;
+----------------------------------------------------------------------------+--------------------+--------------------+
; Option                                                                     ; Setting            ; Default Value      ;
+----------------------------------------------------------------------------+--------------------+--------------------+
; Device                                                                     ; EP4CE115F29C7      ;                    ;
; Top-level entity name                                                      ; Main               ; Main               ;
; Family name                                                                ; Cyclone IV E       ; Cyclone V          ;
; Use smart compilation                                                      ; Off                ; Off                ;
; Enable parallel Assembler and TimeQuest Timing Analyzer during compilation ; On                 ; On                 ;
; Enable compact report table                                                ; Off                ; Off                ;
; Restructure Multiplexers                                                   ; Auto               ; Auto               ;
; Create Debugging Nodes for IP Cores                                        ; Off                ; Off                ;
; Preserve fewer node names                                                  ; On                 ; On                 ;
; OpenCore Plus hardware evaluation                                          ; Enable             ; Enable             ;
; Verilog Version                                                            ; Verilog_2001       ; Verilog_2001       ;
; VHDL Version                                                               ; VHDL_1993          ; VHDL_1993          ;
; State Machine Processing                                                   ; Auto               ; Auto               ;
; Safe State Machine                                                         ; Off                ; Off                ;
; Extract Verilog State Machines                                             ; On                 ; On                 ;
; Extract VHDL State Machines                                                ; On                 ; On                 ;
; Ignore Verilog initial constructs                                          ; Off                ; Off                ;
; Iteration limit for constant Verilog loops                                 ; 5000               ; 5000               ;
; Iteration limit for non-constant Verilog loops                             ; 250                ; 250                ;
; Add Pass-Through Logic to Inferred RAMs                                    ; On                 ; On                 ;
; Infer RAMs from Raw Logic                                                  ; On                 ; On                 ;
; Parallel Synthesis                                                         ; On                 ; On                 ;
; DSP Block Balancing                                                        ; Auto               ; Auto               ;
; NOT Gate Push-Back                                                         ; On                 ; On                 ;
; Power-Up Don't Care                                                        ; On                 ; On                 ;
; Remove Redundant Logic Cells                                               ; Off                ; Off                ;
; Remove Duplicate Registers                                                 ; On                 ; On                 ;
; Ignore CARRY Buffers                                                       ; Off                ; Off                ;
; Ignore CASCADE Buffers                                                     ; Off                ; Off                ;
; Ignore GLOBAL Buffers                                                      ; Off                ; Off                ;
; Ignore ROW GLOBAL Buffers                                                  ; Off                ; Off                ;
; Ignore LCELL Buffers                                                       ; Off                ; Off                ;
; Ignore SOFT Buffers                                                        ; On                 ; On                 ;
; Limit AHDL Integers to 32 Bits                                             ; Off                ; Off                ;
; Optimization Technique                                                     ; Balanced           ; Balanced           ;
; Carry Chain Length                                                         ; 70                 ; 70                 ;
; Auto Carry Chains                                                          ; On                 ; On                 ;
; Auto Open-Drain Pins                                                       ; On                 ; On                 ;
; Perform WYSIWYG Primitive Resynthesis                                      ; Off                ; Off                ;
; Auto ROM Replacement                                                       ; On                 ; On                 ;
; Auto RAM Replacement                                                       ; On                 ; On                 ;
; Auto DSP Block Replacement                                                 ; On                 ; On                 ;
; Auto Shift Register Replacement                                            ; Auto               ; Auto               ;
; Allow Shift Register Merging across Hierarchies                            ; Auto               ; Auto               ;
; Auto Clock Enable Replacement                                              ; On                 ; On                 ;
; Strict RAM Replacement                                                     ; Off                ; Off                ;
; Allow Synchronous Control Signals                                          ; On                 ; On                 ;
; Force Use of Synchronous Clear Signals                                     ; Off                ; Off                ;
; Auto RAM Block Balancing                                                   ; On                 ; On                 ;
; Auto RAM to Logic Cell Conversion                                          ; Off                ; Off                ;
; Auto Resource Sharing                                                      ; Off                ; Off                ;
; Allow Any RAM Size For Recognition                                         ; Off                ; Off                ;
; Allow Any ROM Size For Recognition                                         ; Off                ; Off                ;
; Allow Any Shift Register Size For Recognition                              ; Off                ; Off                ;
; Use LogicLock Constraints during Resource Balancing                        ; On                 ; On                 ;
; Ignore translate_off and synthesis_off directives                          ; Off                ; Off                ;
; Timing-Driven Synthesis                                                    ; On                 ; On                 ;
; Report Parameter Settings                                                  ; On                 ; On                 ;
; Report Source Assignments                                                  ; On                 ; On                 ;
; Report Connectivity Checks                                                 ; On                 ; On                 ;
; Ignore Maximum Fan-Out Assignments                                         ; Off                ; Off                ;
; Synchronization Register Chain Length                                      ; 2                  ; 2                  ;
; PowerPlay Power Optimization During Synthesis                              ; Normal compilation ; Normal compilation ;
; HDL message level                                                          ; Level2             ; Level2             ;
; Suppress Register Optimization Related Messages                            ; Off                ; Off                ;
; Number of Removed Registers Reported in Synthesis Report                   ; 5000               ; 5000               ;
; Number of Swept Nodes Reported in Synthesis Report                         ; 5000               ; 5000               ;
; Number of Inverted Registers Reported in Synthesis Report                  ; 100                ; 100                ;
; Clock MUX Protection                                                       ; On                 ; On                 ;
; Auto Gated Clock Conversion                                                ; Off                ; Off                ;
; Block Design Naming                                                        ; Auto               ; Auto               ;
; SDC constraint protection                                                  ; Off                ; Off                ;
; Synthesis Effort                                                           ; Auto               ; Auto               ;
; Shift Register Replacement - Allow Asynchronous Clear Signal               ; On                 ; On                 ;
; Pre-Mapping Resynthesis Optimization                                       ; Off                ; Off                ;
; Analysis & Synthesis Message Level                                         ; Medium             ; Medium             ;
; Disable Register Merging Across Hierarchies                                ; Auto               ; Auto               ;
; Resource Aware Inference For Block RAM                                     ; On                 ; On                 ;
+----------------------------------------------------------------------------+--------------------+--------------------+


+------------------------------------------+
; Parallel Compilation                     ;
+----------------------------+-------------+
; Processors                 ; Number      ;
+----------------------------+-------------+
; Number detected on machine ; 4           ;
; Maximum allowed            ; 2           ;
;                            ;             ;
; Average used               ; 1.00        ;
; Maximum used               ; 2           ;
;                            ;             ;
; Usage by Processor         ; % Time Used ;
;     Processor 1            ; 100.0%      ;
;     Processor 2            ;   0.1%      ;
+----------------------------+-------------+


+------------------------------------------------------------------------------------------------------------------------------------------------------------------+
; Analysis & Synthesis Source Files Read                                                                                                                           ;
+----------------------------------+-----------------+-----------------------+---------------------------------------------------------------------------+---------+
; File Name with User-Entered Path ; Used in Netlist ; File Type             ; File Name with Absolute Path                                              ; Library ;
+----------------------------------+-----------------+-----------------------+---------------------------------------------------------------------------+---------+
; FallingEdge.vhd                  ; yes             ; User VHDL File        ; D:/OneDrive/Studium/Offenburg/Sem7/HDL/VHDL_Eieruhr/Code/FallingEdge.vhd  ;         ;
; Counter.vhd                      ; yes             ; User VHDL File        ; D:/OneDrive/Studium/Offenburg/Sem7/HDL/VHDL_Eieruhr/Code/Counter.vhd      ;         ;
; main.vhd                         ; yes             ; Auto-Found VHDL File  ; D:/OneDrive/Studium/Offenburg/Sem7/HDL/VHDL_Eieruhr/Code/main.vhd         ;         ;
; submain.vhd                      ; yes             ; Auto-Found VHDL File  ; D:/OneDrive/Studium/Offenburg/Sem7/HDL/VHDL_Eieruhr/Code/submain.vhd      ;         ;
; clockdivider.vhd                 ; yes             ; Auto-Found VHDL File  ; D:/OneDrive/Studium/Offenburg/Sem7/HDL/VHDL_Eieruhr/Code/clockdivider.vhd ;         ;
; statemachine.vhd                 ; yes             ; Auto-Found VHDL File  ; D:/OneDrive/Studium/Offenburg/Sem7/HDL/VHDL_Eieruhr/Code/statemachine.vhd ;         ;
+----------------------------------+-----------------+-----------------------+---------------------------------------------------------------------------+---------+


+---------------------------------------------------------+
; Analysis & Synthesis Resource Usage Summary             ;
+---------------------------------------------+-----------+
; Resource                                    ; Usage     ;
+---------------------------------------------+-----------+
; Estimated Total logic elements              ; 230       ;
;                                             ;           ;
; Total combinational functions               ; 226       ;
; Logic element usage by number of LUT inputs ;           ;
;     -- 4 input functions                    ; 89        ;
;     -- 3 input functions                    ; 46        ;
;     -- <=2 input functions                  ; 91        ;
;                                             ;           ;
; Logic elements by mode                      ;           ;
;     -- normal mode                          ; 159       ;
;     -- arithmetic mode                      ; 67        ;
;                                             ;           ;
; Total registers                             ; 43        ;
;     -- Dedicated logic registers            ; 43        ;
;     -- I/O registers                        ; 0         ;
;                                             ;           ;
; I/O pins                                    ; 59        ;
;                                             ;           ;
; Embedded Multiplier 9-bit elements          ; 0         ;
;                                             ;           ;
; Maximum fan-out node                        ; clk~input ;
; Maximum fan-out                             ; 43        ;
; Total fan-out                               ; 863       ;
; Average fan-out                             ; 2.23      ;
+---------------------------------------------+-----------+


+--------------------------------------------------------------------------------------------------------------------------------------------------------------------------------------------------------------------------------------------------------+
; Analysis & Synthesis Resource Utilization by Entity                                                                                                                                                                                                    ;
+---------------------------------------+---------------------+---------------------------+-------------+--------------+---------+-----------+------+--------------+-------------------------------------------------------+--------------+--------------+
; Compilation Hierarchy Node            ; Combinational ALUTs ; Dedicated Logic Registers ; Memory Bits ; DSP Elements ; DSP 9x9 ; DSP 18x18 ; Pins ; Virtual Pins ; Full Hierarchy Name                                   ; Entity Name  ; Library Name ;
+---------------------------------------+---------------------+---------------------------+-------------+--------------+---------+-----------+------+--------------+-------------------------------------------------------+--------------+--------------+
; |Main                                 ; 226 (0)             ; 43 (0)                    ; 0           ; 0            ; 0       ; 0         ; 59   ; 0            ; |Main                                                 ; Main         ; work         ;
;    |SubMain:SubMain_1|                ; 226 (0)             ; 43 (0)                    ; 0           ; 0            ; 0       ; 0         ; 0    ; 0            ; |Main|SubMain:SubMain_1                               ; SubMain      ; work         ;
;       |ClockDivider:ClockDivider_1|   ; 45 (45)             ; 28 (28)                   ; 0           ; 0            ; 0       ; 0         ; 0    ; 0            ; |Main|SubMain:SubMain_1|ClockDivider:ClockDivider_1   ; ClockDivider ; work         ;
;       |Counter:Counter_1|             ; 103 (103)           ; 0 (0)                     ; 0           ; 0            ; 0       ; 0         ; 0    ; 0            ; |Main|SubMain:SubMain_1|Counter:Counter_1             ; Counter      ; work         ;
;       |FallingEdge:FallingEdge_Clear| ; 0 (0)               ; 1 (1)                     ; 0           ; 0            ; 0       ; 0         ; 0    ; 0            ; |Main|SubMain:SubMain_1|FallingEdge:FallingEdge_Clear ; FallingEdge  ; work         ;
;       |FallingEdge:FallingEdge_Min|   ; 0 (0)               ; 1 (1)                     ; 0           ; 0            ; 0       ; 0         ; 0    ; 0            ; |Main|SubMain:SubMain_1|FallingEdge:FallingEdge_Min   ; FallingEdge  ; work         ;
;       |FallingEdge:FallingEdge_Sec|   ; 0 (0)               ; 1 (1)                     ; 0           ; 0            ; 0       ; 0         ; 0    ; 0            ; |Main|SubMain:SubMain_1|FallingEdge:FallingEdge_Sec   ; FallingEdge  ; work         ;
;       |FallingEdge:FallingEdge_Start| ; 1 (1)               ; 1 (1)                     ; 0           ; 0            ; 0       ; 0         ; 0    ; 0            ; |Main|SubMain:SubMain_1|FallingEdge:FallingEdge_Start ; FallingEdge  ; work         ;
;       |StateMachine:StateMachine_1|   ; 77 (77)             ; 11 (11)                   ; 0           ; 0            ; 0       ; 0         ; 0    ; 0            ; |Main|SubMain:SubMain_1|StateMachine:StateMachine_1   ; StateMachine ; work         ;
+---------------------------------------+---------------------+---------------------------+-------------+--------------+---------+-----------+------+--------------+-------------------------------------------------------+--------------+--------------+
Note: For table entries with two numbers listed, the numbers in parentheses indicate the number of resources of the given type used by the specific entity alone. The numbers listed outside of parentheses indicate the total resources of the given type used by the specific entity and all of its sub-entities in the hierarchy.


Encoding Type:  One-Hot
+-----------------------------------------------------------------------------------------------------------------------------------------------------------------------------------------+
; State Machine - |Main|SubMain:SubMain_1|StateMachine:StateMachine_1|mode                                                                                                                ;
+---------------+-------------+-------------+-------------+-------------+-------------+-------------+-------------+-------------+-------------+-------------+-------------+---------------+
; Name          ; mode.st_390 ; mode.st_320 ; mode.st_310 ; mode.st_300 ; mode.st_290 ; mode.st_200 ; mode.st_190 ; mode.st_120 ; mode.st_111 ; mode.st_110 ; mode.st_100 ; mode.st_reset ;
+---------------+-------------+-------------+-------------+-------------+-------------+-------------+-------------+-------------+-------------+-------------+-------------+---------------+
; mode.st_reset ; 0           ; 0           ; 0           ; 0           ; 0           ; 0           ; 0           ; 0           ; 0           ; 0           ; 0           ; 0             ;
; mode.st_100   ; 0           ; 0           ; 0           ; 0           ; 0           ; 0           ; 0           ; 0           ; 0           ; 0           ; 1           ; 1             ;
; mode.st_110   ; 0           ; 0           ; 0           ; 0           ; 0           ; 0           ; 0           ; 0           ; 0           ; 1           ; 0           ; 1             ;
; mode.st_111   ; 0           ; 0           ; 0           ; 0           ; 0           ; 0           ; 0           ; 0           ; 1           ; 0           ; 0           ; 1             ;
; mode.st_120   ; 0           ; 0           ; 0           ; 0           ; 0           ; 0           ; 0           ; 1           ; 0           ; 0           ; 0           ; 1             ;
; mode.st_190   ; 0           ; 0           ; 0           ; 0           ; 0           ; 0           ; 1           ; 0           ; 0           ; 0           ; 0           ; 1             ;
; mode.st_200   ; 0           ; 0           ; 0           ; 0           ; 0           ; 1           ; 0           ; 0           ; 0           ; 0           ; 0           ; 1             ;
; mode.st_290   ; 0           ; 0           ; 0           ; 0           ; 1           ; 0           ; 0           ; 0           ; 0           ; 0           ; 0           ; 1             ;
; mode.st_300   ; 0           ; 0           ; 0           ; 1           ; 0           ; 0           ; 0           ; 0           ; 0           ; 0           ; 0           ; 1             ;
; mode.st_310   ; 0           ; 0           ; 1           ; 0           ; 0           ; 0           ; 0           ; 0           ; 0           ; 0           ; 0           ; 1             ;
; mode.st_320   ; 0           ; 1           ; 0           ; 0           ; 0           ; 0           ; 0           ; 0           ; 0           ; 0           ; 0           ; 1             ;
; mode.st_390   ; 1           ; 0           ; 0           ; 0           ; 0           ; 0           ; 0           ; 0           ; 0           ; 0           ; 0           ; 1             ;
+---------------+-------------+-------------+-------------+-------------+-------------+-------------+-------------+-------------+-------------+-------------+-------------+---------------+


+----------------------------------------------------------------------------------------------------------------------------------------------------------+
; User-Specified and Inferred Latches                                                                                                                      ;
+----------------------------------------------------------------------+----------------------------------------------------------+------------------------+
; Latch Name                                                           ; Latch Enable Signal                                      ; Free of Timing Hazards ;
+----------------------------------------------------------------------+----------------------------------------------------------+------------------------+
; SubMain:SubMain_1|StateMachine:StateMachine_1|DebugLED_o[0]          ; SubMain:SubMain_1|StateMachine:StateMachine_1|WideOr7    ; yes                    ;
; SubMain:SubMain_1|StateMachine:StateMachine_1|DebugLED_o[1]          ; SubMain:SubMain_1|StateMachine:StateMachine_1|WideOr7    ; yes                    ;
; SubMain:SubMain_1|StateMachine:StateMachine_1|DebugLED_o[2]          ; SubMain:SubMain_1|StateMachine:StateMachine_1|WideOr7    ; yes                    ;
; SubMain:SubMain_1|StateMachine:StateMachine_1|CountBlockControl_o[0] ; SubMain:SubMain_1|StateMachine:StateMachine_1|WideOr13   ; yes                    ;
; SubMain:SubMain_1|StateMachine:StateMachine_1|CountBlockControl_o[1] ; SubMain:SubMain_1|StateMachine:StateMachine_1|WideOr13   ; yes                    ;
; SubMain:SubMain_1|StateMachine:StateMachine_1|CountBlockControl_o[2] ; SubMain:SubMain_1|StateMachine:StateMachine_1|WideOr13   ; yes                    ;
; SubMain:SubMain_1|StateMachine:StateMachine_1|CountBlockControl_o[3] ; SubMain:SubMain_1|StateMachine:StateMachine_1|WideOr13   ; yes                    ;
; SubMain:SubMain_1|StateMachine:StateMachine_1|CountBlockControl_o[4] ; SubMain:SubMain_1|StateMachine:StateMachine_1|WideOr13   ; yes                    ;
; SubMain:SubMain_1|StateMachine:StateMachine_1|BuzzerEnable_o         ; SubMain:SubMain_1|StateMachine:StateMachine_1|WideOr20   ; yes                    ;
; SubMain:SubMain_1|StateMachine:StateMachine_1|nxt_mode.st_100_720    ; SubMain:SubMain_1|StateMachine:StateMachine_1|Selector46 ; yes                    ;
; SubMain:SubMain_1|StateMachine:StateMachine_1|nxt_mode.st_120_657    ; SubMain:SubMain_1|StateMachine:StateMachine_1|Selector46 ; yes                    ;
; SubMain:SubMain_1|StateMachine:StateMachine_1|nxt_mode.st_190_636    ; SubMain:SubMain_1|StateMachine:StateMachine_1|Selector46 ; yes                    ;
; SubMain:SubMain_1|StateMachine:StateMachine_1|nxt_mode.st_200_615    ; SubMain:SubMain_1|StateMachine:StateMachine_1|Selector46 ; yes                    ;
; SubMain:SubMain_1|StateMachine:StateMachine_1|nxt_mode.st_110_699    ; SubMain:SubMain_1|StateMachine:StateMachine_1|Selector46 ; yes                    ;
; SubMain:SubMain_1|StateMachine:StateMachine_1|nxt_mode.st_111_678    ; SubMain:SubMain_1|StateMachine:StateMachine_1|Selector46 ; yes                    ;
; SubMain:SubMain_1|StateMachine:StateMachine_1|nxt_mode.st_290_594    ; SubMain:SubMain_1|StateMachine:StateMachine_1|Selector46 ; yes                    ;
; SubMain:SubMain_1|StateMachine:StateMachine_1|nxt_mode.st_300_573    ; SubMain:SubMain_1|StateMachine:StateMachine_1|Selector46 ; yes                    ;
; SubMain:SubMain_1|StateMachine:StateMachine_1|nxt_mode.st_310_552    ; SubMain:SubMain_1|StateMachine:StateMachine_1|Selector46 ; yes                    ;
; SubMain:SubMain_1|StateMachine:StateMachine_1|nxt_mode.st_320_531    ; SubMain:SubMain_1|StateMachine:StateMachine_1|Selector46 ; yes                    ;
; SubMain:SubMain_1|StateMachine:StateMachine_1|nxt_mode.st_reset_741  ; SubMain:SubMain_1|StateMachine:StateMachine_1|Selector46 ; yes                    ;
; SubMain:SubMain_1|StateMachine:StateMachine_1|BuzzerCounter[2]       ; SubMain:SubMain_1|StateMachine:StateMachine_1|WideOr21   ; yes                    ;
; SubMain:SubMain_1|StateMachine:StateMachine_1|BuzzerCounter[1]       ; SubMain:SubMain_1|StateMachine:StateMachine_1|WideOr21   ; yes                    ;
; SubMain:SubMain_1|StateMachine:StateMachine_1|BuzzerCounter[0]       ; SubMain:SubMain_1|StateMachine:StateMachine_1|WideOr21   ; yes                    ;
; SubMain:SubMain_1|StateMachine:StateMachine_1|BuzzerCounter[4]       ; SubMain:SubMain_1|StateMachine:StateMachine_1|WideOr21   ; yes                    ;
; SubMain:SubMain_1|StateMachine:StateMachine_1|BuzzerCounter[5]       ; SubMain:SubMain_1|StateMachine:StateMachine_1|WideOr21   ; yes                    ;
; SubMain:SubMain_1|StateMachine:StateMachine_1|BuzzerCounter[6]       ; SubMain:SubMain_1|StateMachine:StateMachine_1|WideOr21   ; yes                    ;
; SubMain:SubMain_1|StateMachine:StateMachine_1|BuzzerCounter[7]       ; SubMain:SubMain_1|StateMachine:StateMachine_1|WideOr21   ; yes                    ;
; SubMain:SubMain_1|StateMachine:StateMachine_1|BuzzerCounter[8]       ; SubMain:SubMain_1|StateMachine:StateMachine_1|WideOr21   ; yes                    ;
; SubMain:SubMain_1|StateMachine:StateMachine_1|BuzzerCounter[9]       ; SubMain:SubMain_1|StateMachine:StateMachine_1|WideOr21   ; yes                    ;
; SubMain:SubMain_1|StateMachine:StateMachine_1|BuzzerCounter[3]       ; SubMain:SubMain_1|StateMachine:StateMachine_1|WideOr21   ; yes                    ;
; SubMain:SubMain_1|Counter:Counter_1|CountValue[0]                    ; SubMain:SubMain_1|Counter:Counter_1|CountValue[0]        ; yes                    ;
; SubMain:SubMain_1|Counter:Counter_1|CountValue[1]                    ; SubMain:SubMain_1|Counter:Counter_1|CountValue[2]        ; yes                    ;
; SubMain:SubMain_1|Counter:Counter_1|CountValue[2]                    ; SubMain:SubMain_1|Counter:Counter_1|CountValue[2]        ; yes                    ;
; SubMain:SubMain_1|Counter:Counter_1|CountValue[3]                    ; SubMain:SubMain_1|Counter:Counter_1|CountValue[12]       ; yes                    ;
; SubMain:SubMain_1|Counter:Counter_1|CountValue[4]                    ; SubMain:SubMain_1|Counter:Counter_1|CountValue[12]       ; yes                    ;
; SubMain:SubMain_1|Counter:Counter_1|CountValue[5]                    ; SubMain:SubMain_1|Counter:Counter_1|CountValue[12]       ; yes                    ;
; SubMain:SubMain_1|Counter:Counter_1|CountValue[6]                    ; SubMain:SubMain_1|Counter:Counter_1|CountValue[12]       ; yes                    ;
; SubMain:SubMain_1|Counter:Counter_1|CountValue[7]                    ; SubMain:SubMain_1|Counter:Counter_1|CountValue[12]       ; yes                    ;
; SubMain:SubMain_1|Counter:Counter_1|CountValue[8]                    ; SubMain:SubMain_1|Counter:Counter_1|CountValue[12]       ; yes                    ;
; SubMain:SubMain_1|Counter:Counter_1|CountValue[9]                    ; SubMain:SubMain_1|Counter:Counter_1|CountValue[12]       ; yes                    ;
; SubMain:SubMain_1|Counter:Counter_1|CountValue[10]                   ; SubMain:SubMain_1|Counter:Counter_1|CountValue[12]       ; yes                    ;
; SubMain:SubMain_1|Counter:Counter_1|CountValue[11]                   ; SubMain:SubMain_1|Counter:Counter_1|CountValue[12]       ; yes                    ;
; SubMain:SubMain_1|Counter:Counter_1|CountValue[12]                   ; SubMain:SubMain_1|Counter:Counter_1|CountValue[12]       ; yes                    ;
; SubMain:SubMain_1|Counter:Counter_1|AlreadyIncremented               ; SubMain:SubMain_1|Counter:Counter_1|CountValue[0]        ; yes                    ;
; SubMain:SubMain_1|Counter:Counter_1|CountValueSaved[1]               ; SubMain:SubMain_1|Counter:Counter_1|CountValueSaved[0]   ; yes                    ;
; SubMain:SubMain_1|Counter:Counter_1|CountValueSaved[2]               ; SubMain:SubMain_1|Counter:Counter_1|CountValueSaved[0]   ; yes                    ;
; SubMain:SubMain_1|Counter:Counter_1|CountValueSaved[3]               ; SubMain:SubMain_1|Counter:Counter_1|CountValueSaved[0]   ; yes                    ;
; SubMain:SubMain_1|Counter:Counter_1|CountValueSaved[4]               ; SubMain:SubMain_1|Counter:Counter_1|CountValueSaved[0]   ; yes                    ;
; SubMain:SubMain_1|Counter:Counter_1|CountValueSaved[5]               ; SubMain:SubMain_1|Counter:Counter_1|CountValueSaved[0]   ; yes                    ;
; SubMain:SubMain_1|Counter:Counter_1|CountValueSaved[6]               ; SubMain:SubMain_1|Counter:Counter_1|CountValueSaved[0]   ; yes                    ;
; SubMain:SubMain_1|Counter:Counter_1|CountValueSaved[7]               ; SubMain:SubMain_1|Counter:Counter_1|CountValueSaved[0]   ; yes                    ;
; SubMain:SubMain_1|Counter:Counter_1|CountValueSaved[8]               ; SubMain:SubMain_1|Counter:Counter_1|CountValueSaved[0]   ; yes                    ;
; SubMain:SubMain_1|Counter:Counter_1|CountValueSaved[9]               ; SubMain:SubMain_1|Counter:Counter_1|CountValueSaved[0]   ; yes                    ;
; SubMain:SubMain_1|Counter:Counter_1|CountValueSaved[10]              ; SubMain:SubMain_1|Counter:Counter_1|CountValueSaved[0]   ; yes                    ;
; SubMain:SubMain_1|Counter:Counter_1|CountValueSaved[11]              ; SubMain:SubMain_1|Counter:Counter_1|CountValueSaved[0]   ; yes                    ;
; SubMain:SubMain_1|Counter:Counter_1|CountValueSaved[12]              ; SubMain:SubMain_1|Counter:Counter_1|CountValueSaved[0]   ; yes                    ;
; Number of user-specified and inferred latches = 56                   ;                                                          ;                        ;
+----------------------------------------------------------------------+----------------------------------------------------------+------------------------+
Note: All latches listed above may not be present at the end of synthesis due to various synthesis optimizations.


+--------------------------------------------------------------------------------+
; Registers Removed During Synthesis                                             ;
+-----------------------------------------------------------+--------------------+
; Register name                                             ; Reason for Removal ;
+-----------------------------------------------------------+--------------------+
; SubMain:SubMain_1|StateMachine:StateMachine_1|mode.st_390 ; Lost fanout        ;
; Total Number of Removed Registers = 1                     ;                    ;
+-----------------------------------------------------------+--------------------+


+------------------------------------------------------+
; General Register Statistics                          ;
+----------------------------------------------+-------+
; Statistic                                    ; Value ;
+----------------------------------------------+-------+
; Total registers                              ; 43    ;
; Number of registers using Synchronous Clear  ; 27    ;
; Number of registers using Synchronous Load   ; 0     ;
; Number of registers using Asynchronous Clear ; 11    ;
; Number of registers using Asynchronous Load  ; 0     ;
; Number of registers using Clock Enable       ; 0     ;
; Number of registers using Preset             ; 0     ;
+----------------------------------------------+-------+


+-----------------------------------------------------------------------------------------------------------------------------------------------------------------------------------+
; Multiplexer Restructuring Statistics (Restructuring Performed)                                                                                                                    ;
+--------------------+-----------+---------------+----------------------+------------------------+------------+---------------------------------------------------------------------+
; Multiplexer Inputs ; Bus Width ; Baseline Area ; Area if Restructured ; Saving if Restructured ; Registered ; Example Multiplexer Output                                          ;
+--------------------+-----------+---------------+----------------------+------------------------+------------+---------------------------------------------------------------------+
; 3:1                ; 2 bits    ; 4 LEs         ; 4 LEs                ; 0 LEs                  ; No         ; |Main|SubMain:SubMain_1|Counter:Counter_1|CountValue[1]             ;
; 3:1                ; 2 bits    ; 4 LEs         ; 2 LEs                ; 2 LEs                  ; No         ; |Main|SubMain:SubMain_1|StateMachine:StateMachine_1|nxt_mode.st_111 ;
; 4:1                ; 10 bits   ; 20 LEs        ; 20 LEs               ; 0 LEs                  ; No         ; |Main|SubMain:SubMain_1|Counter:Counter_1|CountValue[3]             ;
+--------------------+-----------+---------------+----------------------+------------------------+------------+---------------------------------------------------------------------+


+------------------------------------------------------------------------------------------------------------------------------+
; Port Connectivity Checks: "SubMain:SubMain_1|ClockDivider:ClockDivider_1"                                                    ;
+--------------------+--------+----------+-------------------------------------------------------------------------------------+
; Port               ; Type   ; Severity ; Details                                                                             ;
+--------------------+--------+----------+-------------------------------------------------------------------------------------+
; divider_in[19..18] ; Input  ; Info     ; Stuck at VCC                                                                        ;
; divider_in[9..8]   ; Input  ; Info     ; Stuck at VCC                                                                        ;
; divider_in[26..23] ; Input  ; Info     ; Stuck at GND                                                                        ;
; divider_in[21..20] ; Input  ; Info     ; Stuck at GND                                                                        ;
; divider_in[17..15] ; Input  ; Info     ; Stuck at GND                                                                        ;
; divider_in[13..12] ; Input  ; Info     ; Stuck at GND                                                                        ;
; divider_in[5..0]   ; Input  ; Info     ; Stuck at GND                                                                        ;
; divider_in[22]     ; Input  ; Info     ; Stuck at VCC                                                                        ;
; divider_in[14]     ; Input  ; Info     ; Stuck at VCC                                                                        ;
; divider_in[11]     ; Input  ; Info     ; Stuck at VCC                                                                        ;
; divider_in[10]     ; Input  ; Info     ; Stuck at GND                                                                        ;
; divider_in[7]      ; Input  ; Info     ; Stuck at GND                                                                        ;
; divider_in[6]      ; Input  ; Info     ; Stuck at VCC                                                                        ;
; clk_out            ; Output ; Info     ; Connected to dangling logic. Logic that only feeds a dangling port will be removed. ;
+--------------------+--------+----------+-------------------------------------------------------------------------------------+


+------------------------------------------------------------------------------------------------------------------------+
; Port Connectivity Checks: "SubMain:SubMain_1"                                                                          ;
+--------------+--------+----------+-------------------------------------------------------------------------------------+
; Port         ; Type   ; Severity ; Details                                                                             ;
+--------------+--------+----------+-------------------------------------------------------------------------------------+
; countvalue_o ; Output ; Info     ; Connected to dangling logic. Logic that only feeds a dangling port will be removed. ;
+--------------+--------+----------+-------------------------------------------------------------------------------------+


+-----------------------------------------------------+
; Post-Synthesis Netlist Statistics for Top Partition ;
+-----------------------+-----------------------------+
; Type                  ; Count                       ;
+-----------------------+-----------------------------+
; boundary_port         ; 59                          ;
; cycloneiii_ff         ; 43                          ;
;     CLR               ; 11                          ;
;     SCLR              ; 27                          ;
;     plain             ; 5                           ;
; cycloneiii_lcell_comb ; 227                         ;
;     arith             ; 67                          ;
;         2 data inputs ; 67                          ;
;     normal            ; 160                         ;
;         0 data inputs ; 1                           ;
;         1 data inputs ; 6                           ;
;         2 data inputs ; 18                          ;
;         3 data inputs ; 46                          ;
;         4 data inputs ; 89                          ;
;                       ;                             ;
; Max LUT depth         ; 7.00                        ;
; Average LUT depth     ; 3.50                        ;
+-----------------------+-----------------------------+


+-------------------------------+
; Elapsed Time Per Partition    ;
+----------------+--------------+
; Partition Name ; Elapsed Time ;
+----------------+--------------+
; Top            ; 00:00:01     ;
+----------------+--------------+


+-------------------------------+
; Analysis & Synthesis Messages ;
+-------------------------------+
Info: *******************************************************************
Info: Running Quartus Prime Analysis & Synthesis
    Info: Version 17.0.0 Build 595 04/25/2017 SJ Lite Edition
    Info: Processing started: Tue Dec 12 16:58:02 2017
Info: Command: quartus_map --read_settings_files=on --write_settings_files=off Eieruhr -c Main
Warning (18236): Number of processors has not been specified which may cause overloading on shared machines.  Set the global assignment NUM_PARALLEL_PROCESSORS in your QSF to an appropriate value for best performance.
Info (20030): Parallel compilation is enabled and will use 2 of the 2 processors detected
Info (12021): Found 2 design units, including 1 entities, in source file fallingedge.vhd
    Info (12022): Found design unit 1: FallingEdge-behave File: D:/OneDrive/Studium/Offenburg/Sem7/HDL/VHDL_Eieruhr/Code/FallingEdge.vhd Line: 38
    Info (12023): Found entity 1: FallingEdge File: D:/OneDrive/Studium/Offenburg/Sem7/HDL/VHDL_Eieruhr/Code/FallingEdge.vhd Line: 24
Info (12021): Found 2 design units, including 1 entities, in source file counter.vhd
    Info (12022): Found design unit 1: Counter-behave File: D:/OneDrive/Studium/Offenburg/Sem7/HDL/VHDL_Eieruhr/Code/Counter.vhd Line: 44
    Info (12023): Found entity 1: Counter File: D:/OneDrive/Studium/Offenburg/Sem7/HDL/VHDL_Eieruhr/Code/Counter.vhd Line: 20
Warning (12125): Using design file main.vhd, which is not specified as a design file for the current project, but contains definitions for 2 design units and 1 entities in project
    Info (12022): Found design unit 1: Main-behave File: D:/OneDrive/Studium/Offenburg/Sem7/HDL/VHDL_Eieruhr/Code/main.vhd Line: 61
    Info (12023): Found entity 1: Main File: D:/OneDrive/Studium/Offenburg/Sem7/HDL/VHDL_Eieruhr/Code/main.vhd Line: 25
Info (12127): Elaborating entity "Main" for the top level hierarchy
Warning (10541): VHDL Signal Declaration warning at main.vhd(41): used implicit default value for signal "Output1" because signal was never assigned a value or an explicit default value. Use of implicit default value may introduce unintended design optimizations. File: D:/OneDrive/Studium/Offenburg/Sem7/HDL/VHDL_Eieruhr/Code/main.vhd Line: 41
Warning (10541): VHDL Signal Declaration warning at main.vhd(42): used implicit default value for signal "Output2" because signal was never assigned a value or an explicit default value. Use of implicit default value may introduce unintended design optimizations. File: D:/OneDrive/Studium/Offenburg/Sem7/HDL/VHDL_Eieruhr/Code/main.vhd Line: 42
Warning (10541): VHDL Signal Declaration warning at main.vhd(43): used implicit default value for signal "Output3" because signal was never assigned a value or an explicit default value. Use of implicit default value may introduce unintended design optimizations. File: D:/OneDrive/Studium/Offenburg/Sem7/HDL/VHDL_Eieruhr/Code/main.vhd Line: 43
Warning (10541): VHDL Signal Declaration warning at main.vhd(44): used implicit default value for signal "Output4" because signal was never assigned a value or an explicit default value. Use of implicit default value may introduce unintended design optimizations. File: D:/OneDrive/Studium/Offenburg/Sem7/HDL/VHDL_Eieruhr/Code/main.vhd Line: 44
Warning (10541): VHDL Signal Declaration warning at main.vhd(47): used implicit default value for signal "CountValueMainOut" because signal was never assigned a value or an explicit default value. Use of implicit default value may introduce unintended design optimizations. File: D:/OneDrive/Studium/Offenburg/Sem7/HDL/VHDL_Eieruhr/Code/main.vhd Line: 47
Warning (10036): Verilog HDL or VHDL warning at main.vhd(63): object "CountValue" assigned a value but never read File: D:/OneDrive/Studium/Offenburg/Sem7/HDL/VHDL_Eieruhr/Code/main.vhd Line: 63
Warning (12125): Using design file submain.vhd, which is not specified as a design file for the current project, but contains definitions for 2 design units and 1 entities in project
    Info (12022): Found design unit 1: SubMain-behave File: D:/OneDrive/Studium/Offenburg/Sem7/HDL/VHDL_Eieruhr/Code/submain.vhd Line: 53
    Info (12023): Found entity 1: SubMain File: D:/OneDrive/Studium/Offenburg/Sem7/HDL/VHDL_Eieruhr/Code/submain.vhd Line: 25
Info (12128): Elaborating entity "SubMain" for hierarchy "SubMain:SubMain_1" File: D:/OneDrive/Studium/Offenburg/Sem7/HDL/VHDL_Eieruhr/Code/main.vhd Line: 92
Info (12128): Elaborating entity "FallingEdge" for hierarchy "SubMain:SubMain_1|FallingEdge:FallingEdge_Min" File: D:/OneDrive/Studium/Offenburg/Sem7/HDL/VHDL_Eieruhr/Code/submain.vhd Line: 146
Warning (12125): Using design file clockdivider.vhd, which is not specified as a design file for the current project, but contains definitions for 2 design units and 1 entities in project
    Info (12022): Found design unit 1: ClockDivider-behave File: D:/OneDrive/Studium/Offenburg/Sem7/HDL/VHDL_Eieruhr/Code/clockdivider.vhd Line: 35
    Info (12023): Found entity 1: ClockDivider File: D:/OneDrive/Studium/Offenburg/Sem7/HDL/VHDL_Eieruhr/Code/clockdivider.vhd Line: 20
Info (12128): Elaborating entity "ClockDivider" for hierarchy "SubMain:SubMain_1|ClockDivider:ClockDivider_1" File: D:/OneDrive/Studium/Offenburg/Sem7/HDL/VHDL_Eieruhr/Code/submain.vhd Line: 177
Warning (12125): Using design file statemachine.vhd, which is not specified as a design file for the current project, but contains definitions for 2 design units and 1 entities in project
    Info (12022): Found design unit 1: StateMachine-behave File: D:/OneDrive/Studium/Offenburg/Sem7/HDL/VHDL_Eieruhr/Code/statemachine.vhd Line: 55
    Info (12023): Found entity 1: StateMachine File: D:/OneDrive/Studium/Offenburg/Sem7/HDL/VHDL_Eieruhr/Code/statemachine.vhd Line: 25
Info (12128): Elaborating entity "StateMachine" for hierarchy "SubMain:SubMain_1|StateMachine:StateMachine_1" File: D:/OneDrive/Studium/Offenburg/Sem7/HDL/VHDL_Eieruhr/Code/submain.vhd Line: 187
Warning (10492): VHDL Process Statement warning at statemachine.vhd(88): signal "BtnMinF_i" is read inside the Process Statement but isn't in the Process Statement's sensitivity list File: D:/OneDrive/Studium/Offenburg/Sem7/HDL/VHDL_Eieruhr/Code/statemachine.vhd Line: 88
Warning (10492): VHDL Process Statement warning at statemachine.vhd(91): signal "BtnSecF_i" is read inside the Process Statement but isn't in the Process Statement's sensitivity list File: D:/OneDrive/Studium/Offenburg/Sem7/HDL/VHDL_Eieruhr/Code/statemachine.vhd Line: 91
Warning (10492): VHDL Process Statement warning at statemachine.vhd(109): signal "BtnSecF_i" is read inside the Process Statement but isn't in the Process Statement's sensitivity list File: D:/OneDrive/Studium/Offenburg/Sem7/HDL/VHDL_Eieruhr/Code/statemachine.vhd Line: 109
Warning (10492): VHDL Process Statement warning at statemachine.vhd(109): signal "BtnMinF_i" is read inside the Process Statement but isn't in the Process Statement's sensitivity list File: D:/OneDrive/Studium/Offenburg/Sem7/HDL/VHDL_Eieruhr/Code/statemachine.vhd Line: 109
Warning (10492): VHDL Process Statement warning at statemachine.vhd(119): signal "CountBlockTelemet_i" is read inside the Process Statement but isn't in the Process Statement's sensitivity list File: D:/OneDrive/Studium/Offenburg/Sem7/HDL/VHDL_Eieruhr/Code/statemachine.vhd Line: 119
Warning (10492): VHDL Process Statement warning at statemachine.vhd(131): signal "BuzzerCounter" is read inside the Process Statement but isn't in the Process Statement's sensitivity list File: D:/OneDrive/Studium/Offenburg/Sem7/HDL/VHDL_Eieruhr/Code/statemachine.vhd Line: 131
Warning (10631): VHDL Process Statement warning at statemachine.vhd(80): inferring latch(es) for signal or variable "nxt_mode", which holds its previous value in one or more paths through the process File: D:/OneDrive/Studium/Offenburg/Sem7/HDL/VHDL_Eieruhr/Code/statemachine.vhd Line: 80
Warning (10492): VHDL Process Statement warning at statemachine.vhd(187): signal "BuzzerCounter" is read inside the Process Statement but isn't in the Process Statement's sensitivity list File: D:/OneDrive/Studium/Offenburg/Sem7/HDL/VHDL_Eieruhr/Code/statemachine.vhd Line: 187
Warning (10631): VHDL Process Statement warning at statemachine.vhd(152): inferring latch(es) for signal or variable "DebugLED_o", which holds its previous value in one or more paths through the process File: D:/OneDrive/Studium/Offenburg/Sem7/HDL/VHDL_Eieruhr/Code/statemachine.vhd Line: 152
Warning (10631): VHDL Process Statement warning at statemachine.vhd(152): inferring latch(es) for signal or variable "CountBlockControl_o", which holds its previous value in one or more paths through the process File: D:/OneDrive/Studium/Offenburg/Sem7/HDL/VHDL_Eieruhr/Code/statemachine.vhd Line: 152
Warning (10631): VHDL Process Statement warning at statemachine.vhd(152): inferring latch(es) for signal or variable "BuzzerEnable_o", which holds its previous value in one or more paths through the process File: D:/OneDrive/Studium/Offenburg/Sem7/HDL/VHDL_Eieruhr/Code/statemachine.vhd Line: 152
Warning (10631): VHDL Process Statement warning at statemachine.vhd(152): inferring latch(es) for signal or variable "BuzzerCounter", which holds its previous value in one or more paths through the process File: D:/OneDrive/Studium/Offenburg/Sem7/HDL/VHDL_Eieruhr/Code/statemachine.vhd Line: 152
Info (10041): Inferred latch for "BuzzerCounter[0]" at statemachine.vhd(152) File: D:/OneDrive/Studium/Offenburg/Sem7/HDL/VHDL_Eieruhr/Code/statemachine.vhd Line: 152
Info (10041): Inferred latch for "BuzzerCounter[1]" at statemachine.vhd(152) File: D:/OneDrive/Studium/Offenburg/Sem7/HDL/VHDL_Eieruhr/Code/statemachine.vhd Line: 152
Info (10041): Inferred latch for "BuzzerCounter[2]" at statemachine.vhd(152) File: D:/OneDrive/Studium/Offenburg/Sem7/HDL/VHDL_Eieruhr/Code/statemachine.vhd Line: 152
Info (10041): Inferred latch for "BuzzerCounter[3]" at statemachine.vhd(152) File: D:/OneDrive/Studium/Offenburg/Sem7/HDL/VHDL_Eieruhr/Code/statemachine.vhd Line: 152
Info (10041): Inferred latch for "BuzzerCounter[4]" at statemachine.vhd(152) File: D:/OneDrive/Studium/Offenburg/Sem7/HDL/VHDL_Eieruhr/Code/statemachine.vhd Line: 152
Info (10041): Inferred latch for "BuzzerCounter[5]" at statemachine.vhd(152) File: D:/OneDrive/Studium/Offenburg/Sem7/HDL/VHDL_Eieruhr/Code/statemachine.vhd Line: 152
Info (10041): Inferred latch for "BuzzerCounter[6]" at statemachine.vhd(152) File: D:/OneDrive/Studium/Offenburg/Sem7/HDL/VHDL_Eieruhr/Code/statemachine.vhd Line: 152
Info (10041): Inferred latch for "BuzzerCounter[7]" at statemachine.vhd(152) File: D:/OneDrive/Studium/Offenburg/Sem7/HDL/VHDL_Eieruhr/Code/statemachine.vhd Line: 152
Info (10041): Inferred latch for "BuzzerCounter[8]" at statemachine.vhd(152) File: D:/OneDrive/Studium/Offenburg/Sem7/HDL/VHDL_Eieruhr/Code/statemachine.vhd Line: 152
Info (10041): Inferred latch for "BuzzerCounter[9]" at statemachine.vhd(152) File: D:/OneDrive/Studium/Offenburg/Sem7/HDL/VHDL_Eieruhr/Code/statemachine.vhd Line: 152
Info (10041): Inferred latch for "BuzzerEnable_o" at statemachine.vhd(152) File: D:/OneDrive/Studium/Offenburg/Sem7/HDL/VHDL_Eieruhr/Code/statemachine.vhd Line: 152
Info (10041): Inferred latch for "CountBlockControl_o[0]" at statemachine.vhd(152) File: D:/OneDrive/Studium/Offenburg/Sem7/HDL/VHDL_Eieruhr/Code/statemachine.vhd Line: 152
Info (10041): Inferred latch for "CountBlockControl_o[1]" at statemachine.vhd(152) File: D:/OneDrive/Studium/Offenburg/Sem7/HDL/VHDL_Eieruhr/Code/statemachine.vhd Line: 152
Info (10041): Inferred latch for "CountBlockControl_o[2]" at statemachine.vhd(152) File: D:/OneDrive/Studium/Offenburg/Sem7/HDL/VHDL_Eieruhr/Code/statemachine.vhd Line: 152
Info (10041): Inferred latch for "CountBlockControl_o[3]" at statemachine.vhd(152) File: D:/OneDrive/Studium/Offenburg/Sem7/HDL/VHDL_Eieruhr/Code/statemachine.vhd Line: 152
Info (10041): Inferred latch for "CountBlockControl_o[4]" at statemachine.vhd(152) File: D:/OneDrive/Studium/Offenburg/Sem7/HDL/VHDL_Eieruhr/Code/statemachine.vhd Line: 152
Info (10041): Inferred latch for "CountBlockControl_o[5]" at statemachine.vhd(152) File: D:/OneDrive/Studium/Offenburg/Sem7/HDL/VHDL_Eieruhr/Code/statemachine.vhd Line: 152
Info (10041): Inferred latch for "DebugLED_o[0]" at statemachine.vhd(152) File: D:/OneDrive/Studium/Offenburg/Sem7/HDL/VHDL_Eieruhr/Code/statemachine.vhd Line: 152
Info (10041): Inferred latch for "DebugLED_o[1]" at statemachine.vhd(152) File: D:/OneDrive/Studium/Offenburg/Sem7/HDL/VHDL_Eieruhr/Code/statemachine.vhd Line: 152
Info (10041): Inferred latch for "DebugLED_o[2]" at statemachine.vhd(152) File: D:/OneDrive/Studium/Offenburg/Sem7/HDL/VHDL_Eieruhr/Code/statemachine.vhd Line: 152
Info (10041): Inferred latch for "nxt_mode.st_390" at statemachine.vhd(80) File: D:/OneDrive/Studium/Offenburg/Sem7/HDL/VHDL_Eieruhr/Code/statemachine.vhd Line: 80
Info (10041): Inferred latch for "nxt_mode.st_320" at statemachine.vhd(80) File: D:/OneDrive/Studium/Offenburg/Sem7/HDL/VHDL_Eieruhr/Code/statemachine.vhd Line: 80
Info (10041): Inferred latch for "nxt_mode.st_310" at statemachine.vhd(80) File: D:/OneDrive/Studium/Offenburg/Sem7/HDL/VHDL_Eieruhr/Code/statemachine.vhd Line: 80
Info (10041): Inferred latch for "nxt_mode.st_300" at statemachine.vhd(80) File: D:/OneDrive/Studium/Offenburg/Sem7/HDL/VHDL_Eieruhr/Code/statemachine.vhd Line: 80
Info (10041): Inferred latch for "nxt_mode.st_290" at statemachine.vhd(80) File: D:/OneDrive/Studium/Offenburg/Sem7/HDL/VHDL_Eieruhr/Code/statemachine.vhd Line: 80
Info (10041): Inferred latch for "nxt_mode.st_200" at statemachine.vhd(80) File: D:/OneDrive/Studium/Offenburg/Sem7/HDL/VHDL_Eieruhr/Code/statemachine.vhd Line: 80
Info (10041): Inferred latch for "nxt_mode.st_190" at statemachine.vhd(80) File: D:/OneDrive/Studium/Offenburg/Sem7/HDL/VHDL_Eieruhr/Code/statemachine.vhd Line: 80
Info (10041): Inferred latch for "nxt_mode.st_120" at statemachine.vhd(80) File: D:/OneDrive/Studium/Offenburg/Sem7/HDL/VHDL_Eieruhr/Code/statemachine.vhd Line: 80
Info (10041): Inferred latch for "nxt_mode.st_111" at statemachine.vhd(80) File: D:/OneDrive/Studium/Offenburg/Sem7/HDL/VHDL_Eieruhr/Code/statemachine.vhd Line: 80
Info (10041): Inferred latch for "nxt_mode.st_110" at statemachine.vhd(80) File: D:/OneDrive/Studium/Offenburg/Sem7/HDL/VHDL_Eieruhr/Code/statemachine.vhd Line: 80
Info (10041): Inferred latch for "nxt_mode.st_100" at statemachine.vhd(80) File: D:/OneDrive/Studium/Offenburg/Sem7/HDL/VHDL_Eieruhr/Code/statemachine.vhd Line: 80
Info (10041): Inferred latch for "nxt_mode.st_reset" at statemachine.vhd(80) File: D:/OneDrive/Studium/Offenburg/Sem7/HDL/VHDL_Eieruhr/Code/statemachine.vhd Line: 80
Info (12128): Elaborating entity "Counter" for hierarchy "SubMain:SubMain_1|Counter:Counter_1" File: D:/OneDrive/Studium/Offenburg/Sem7/HDL/VHDL_Eieruhr/Code/submain.vhd Line: 211
Warning (10492): VHDL Process Statement warning at Counter.vhd(56): signal "CountBlockControl_i" is read inside the Process Statement but isn't in the Process Statement's sensitivity list File: D:/OneDrive/Studium/Offenburg/Sem7/HDL/VHDL_Eieruhr/Code/Counter.vhd Line: 56
Warning (10492): VHDL Process Statement warning at Counter.vhd(60): signal "CountBlockControl_i" is read inside the Process Statement but isn't in the Process Statement's sensitivity list File: D:/OneDrive/Studium/Offenburg/Sem7/HDL/VHDL_Eieruhr/Code/Counter.vhd Line: 60
Warning (10492): VHDL Process Statement warning at Counter.vhd(61): signal "clk_deci_i" is read inside the Process Statement but isn't in the Process Statement's sensitivity list File: D:/OneDrive/Studium/Offenburg/Sem7/HDL/VHDL_Eieruhr/Code/Counter.vhd Line: 61
Warning (10492): VHDL Process Statement warning at Counter.vhd(61): signal "AlreadyIncremented" is read inside the Process Statement but isn't in the Process Statement's sensitivity list File: D:/OneDrive/Studium/Offenburg/Sem7/HDL/VHDL_Eieruhr/Code/Counter.vhd Line: 61
Warning (10492): VHDL Process Statement warning at Counter.vhd(61): signal "CountValue" is read inside the Process Statement but isn't in the Process Statement's sensitivity list File: D:/OneDrive/Studium/Offenburg/Sem7/HDL/VHDL_Eieruhr/Code/Counter.vhd Line: 61
Warning (10492): VHDL Process Statement warning at Counter.vhd(62): signal "CountValue" is read inside the Process Statement but isn't in the Process Statement's sensitivity list File: D:/OneDrive/Studium/Offenburg/Sem7/HDL/VHDL_Eieruhr/Code/Counter.vhd Line: 62
Warning (10492): VHDL Process Statement warning at Counter.vhd(65): signal "CountBlockControl_i" is read inside the Process Statement but isn't in the Process Statement's sensitivity list File: D:/OneDrive/Studium/Offenburg/Sem7/HDL/VHDL_Eieruhr/Code/Counter.vhd Line: 65
Warning (10492): VHDL Process Statement warning at Counter.vhd(66): signal "CountValue" is read inside the Process Statement but isn't in the Process Statement's sensitivity list File: D:/OneDrive/Studium/Offenburg/Sem7/HDL/VHDL_Eieruhr/Code/Counter.vhd Line: 66
Warning (10492): VHDL Process Statement warning at Counter.vhd(67): signal "CountValue" is read inside the Process Statement but isn't in the Process Statement's sensitivity list File: D:/OneDrive/Studium/Offenburg/Sem7/HDL/VHDL_Eieruhr/Code/Counter.vhd Line: 67
Warning (10492): VHDL Process Statement warning at Counter.vhd(69): signal "CountBlockControl_i" is read inside the Process Statement but isn't in the Process Statement's sensitivity list File: D:/OneDrive/Studium/Offenburg/Sem7/HDL/VHDL_Eieruhr/Code/Counter.vhd Line: 69
Warning (10492): VHDL Process Statement warning at Counter.vhd(70): signal "CountValue" is read inside the Process Statement but isn't in the Process Statement's sensitivity list File: D:/OneDrive/Studium/Offenburg/Sem7/HDL/VHDL_Eieruhr/Code/Counter.vhd Line: 70
Warning (10492): VHDL Process Statement warning at Counter.vhd(71): signal "CountValue" is read inside the Process Statement but isn't in the Process Statement's sensitivity list File: D:/OneDrive/Studium/Offenburg/Sem7/HDL/VHDL_Eieruhr/Code/Counter.vhd Line: 71
Warning (10492): VHDL Process Statement warning at Counter.vhd(73): signal "CountBlockControl_i" is read inside the Process Statement but isn't in the Process Statement's sensitivity list File: D:/OneDrive/Studium/Offenburg/Sem7/HDL/VHDL_Eieruhr/Code/Counter.vhd Line: 73
Warning (10492): VHDL Process Statement warning at Counter.vhd(74): signal "CountValue" is read inside the Process Statement but isn't in the Process Statement's sensitivity list File: D:/OneDrive/Studium/Offenburg/Sem7/HDL/VHDL_Eieruhr/Code/Counter.vhd Line: 74
Warning (10492): VHDL Process Statement warning at Counter.vhd(75): signal "CountBlockControl_i" is read inside the Process Statement but isn't in the Process Statement's sensitivity list File: D:/OneDrive/Studium/Offenburg/Sem7/HDL/VHDL_Eieruhr/Code/Counter.vhd Line: 75
Warning (10492): VHDL Process Statement warning at Counter.vhd(76): signal "CountValueSaved" is read inside the Process Statement but isn't in the Process Statement's sensitivity list File: D:/OneDrive/Studium/Offenburg/Sem7/HDL/VHDL_Eieruhr/Code/Counter.vhd Line: 76
Warning (10492): VHDL Process Statement warning at Counter.vhd(80): signal "clk_deci_i" is read inside the Process Statement but isn't in the Process Statement's sensitivity list File: D:/OneDrive/Studium/Offenburg/Sem7/HDL/VHDL_Eieruhr/Code/Counter.vhd Line: 80
Warning (10492): VHDL Process Statement warning at Counter.vhd(85): signal "CountValue" is read inside the Process Statement but isn't in the Process Statement's sensitivity list File: D:/OneDrive/Studium/Offenburg/Sem7/HDL/VHDL_Eieruhr/Code/Counter.vhd Line: 85
Warning (10492): VHDL Process Statement warning at Counter.vhd(87): signal "CountValue" is read inside the Process Statement but isn't in the Process Statement's sensitivity list File: D:/OneDrive/Studium/Offenburg/Sem7/HDL/VHDL_Eieruhr/Code/Counter.vhd Line: 87
Warning (10631): VHDL Process Statement warning at Counter.vhd(53): inferring latch(es) for signal or variable "CountValue", which holds its previous value in one or more paths through the process File: D:/OneDrive/Studium/Offenburg/Sem7/HDL/VHDL_Eieruhr/Code/Counter.vhd Line: 53
Warning (10631): VHDL Process Statement warning at Counter.vhd(53): inferring latch(es) for signal or variable "CountValueSaved", which holds its previous value in one or more paths through the process File: D:/OneDrive/Studium/Offenburg/Sem7/HDL/VHDL_Eieruhr/Code/Counter.vhd Line: 53
Warning (10631): VHDL Process Statement warning at Counter.vhd(53): inferring latch(es) for signal or variable "AlreadyIncremented", which holds its previous value in one or more paths through the process File: D:/OneDrive/Studium/Offenburg/Sem7/HDL/VHDL_Eieruhr/Code/Counter.vhd Line: 53
Info (10041): Inferred latch for "AlreadyIncremented" at Counter.vhd(53) File: D:/OneDrive/Studium/Offenburg/Sem7/HDL/VHDL_Eieruhr/Code/Counter.vhd Line: 53
Info (10041): Inferred latch for "CountValueSaved[0]" at Counter.vhd(53) File: D:/OneDrive/Studium/Offenburg/Sem7/HDL/VHDL_Eieruhr/Code/Counter.vhd Line: 53
Info (10041): Inferred latch for "CountValueSaved[1]" at Counter.vhd(53) File: D:/OneDrive/Studium/Offenburg/Sem7/HDL/VHDL_Eieruhr/Code/Counter.vhd Line: 53
Info (10041): Inferred latch for "CountValueSaved[2]" at Counter.vhd(53) File: D:/OneDrive/Studium/Offenburg/Sem7/HDL/VHDL_Eieruhr/Code/Counter.vhd Line: 53
Info (10041): Inferred latch for "CountValueSaved[3]" at Counter.vhd(53) File: D:/OneDrive/Studium/Offenburg/Sem7/HDL/VHDL_Eieruhr/Code/Counter.vhd Line: 53
Info (10041): Inferred latch for "CountValueSaved[4]" at Counter.vhd(53) File: D:/OneDrive/Studium/Offenburg/Sem7/HDL/VHDL_Eieruhr/Code/Counter.vhd Line: 53
Info (10041): Inferred latch for "CountValueSaved[5]" at Counter.vhd(53) File: D:/OneDrive/Studium/Offenburg/Sem7/HDL/VHDL_Eieruhr/Code/Counter.vhd Line: 53
Info (10041): Inferred latch for "CountValueSaved[6]" at Counter.vhd(53) File: D:/OneDrive/Studium/Offenburg/Sem7/HDL/VHDL_Eieruhr/Code/Counter.vhd Line: 53
Info (10041): Inferred latch for "CountValueSaved[7]" at Counter.vhd(53) File: D:/OneDrive/Studium/Offenburg/Sem7/HDL/VHDL_Eieruhr/Code/Counter.vhd Line: 53
Info (10041): Inferred latch for "CountValueSaved[8]" at Counter.vhd(53) File: D:/OneDrive/Studium/Offenburg/Sem7/HDL/VHDL_Eieruhr/Code/Counter.vhd Line: 53
Info (10041): Inferred latch for "CountValueSaved[9]" at Counter.vhd(53) File: D:/OneDrive/Studium/Offenburg/Sem7/HDL/VHDL_Eieruhr/Code/Counter.vhd Line: 53
Info (10041): Inferred latch for "CountValueSaved[10]" at Counter.vhd(53) File: D:/OneDrive/Studium/Offenburg/Sem7/HDL/VHDL_Eieruhr/Code/Counter.vhd Line: 53
Info (10041): Inferred latch for "CountValueSaved[11]" at Counter.vhd(53) File: D:/OneDrive/Studium/Offenburg/Sem7/HDL/VHDL_Eieruhr/Code/Counter.vhd Line: 53
Info (10041): Inferred latch for "CountValueSaved[12]" at Counter.vhd(53) File: D:/OneDrive/Studium/Offenburg/Sem7/HDL/VHDL_Eieruhr/Code/Counter.vhd Line: 53
Info (10041): Inferred latch for "CountValue[0]" at Counter.vhd(53) File: D:/OneDrive/Studium/Offenburg/Sem7/HDL/VHDL_Eieruhr/Code/Counter.vhd Line: 53
Info (10041): Inferred latch for "CountValue[1]" at Counter.vhd(53) File: D:/OneDrive/Studium/Offenburg/Sem7/HDL/VHDL_Eieruhr/Code/Counter.vhd Line: 53
Info (10041): Inferred latch for "CountValue[2]" at Counter.vhd(53) File: D:/OneDrive/Studium/Offenburg/Sem7/HDL/VHDL_Eieruhr/Code/Counter.vhd Line: 53
Info (10041): Inferred latch for "CountValue[3]" at Counter.vhd(53) File: D:/OneDrive/Studium/Offenburg/Sem7/HDL/VHDL_Eieruhr/Code/Counter.vhd Line: 53
Info (10041): Inferred latch for "CountValue[4]" at Counter.vhd(53) File: D:/OneDrive/Studium/Offenburg/Sem7/HDL/VHDL_Eieruhr/Code/Counter.vhd Line: 53
Info (10041): Inferred latch for "CountValue[5]" at Counter.vhd(53) File: D:/OneDrive/Studium/Offenburg/Sem7/HDL/VHDL_Eieruhr/Code/Counter.vhd Line: 53
Info (10041): Inferred latch for "CountValue[6]" at Counter.vhd(53) File: D:/OneDrive/Studium/Offenburg/Sem7/HDL/VHDL_Eieruhr/Code/Counter.vhd Line: 53
Info (10041): Inferred latch for "CountValue[7]" at Counter.vhd(53) File: D:/OneDrive/Studium/Offenburg/Sem7/HDL/VHDL_Eieruhr/Code/Counter.vhd Line: 53
Info (10041): Inferred latch for "CountValue[8]" at Counter.vhd(53) File: D:/OneDrive/Studium/Offenburg/Sem7/HDL/VHDL_Eieruhr/Code/Counter.vhd Line: 53
Info (10041): Inferred latch for "CountValue[9]" at Counter.vhd(53) File: D:/OneDrive/Studium/Offenburg/Sem7/HDL/VHDL_Eieruhr/Code/Counter.vhd Line: 53
Info (10041): Inferred latch for "CountValue[10]" at Counter.vhd(53) File: D:/OneDrive/Studium/Offenburg/Sem7/HDL/VHDL_Eieruhr/Code/Counter.vhd Line: 53
Info (10041): Inferred latch for "CountValue[11]" at Counter.vhd(53) File: D:/OneDrive/Studium/Offenburg/Sem7/HDL/VHDL_Eieruhr/Code/Counter.vhd Line: 53
Info (10041): Inferred latch for "CountValue[12]" at Counter.vhd(53) File: D:/OneDrive/Studium/Offenburg/Sem7/HDL/VHDL_Eieruhr/Code/Counter.vhd Line: 53
Warning (13012): Latch SubMain:SubMain_1|StateMachine:StateMachine_1|BuzzerEnable_o has unsafe behavior File: D:/OneDrive/Studium/Offenburg/Sem7/HDL/VHDL_Eieruhr/Code/statemachine.vhd Line: 39
    Warning (13013): Ports D and ENA on the latch are fed by the same signal SubMain:SubMain_1|StateMachine:StateMachine_1|mode.st_300 File: D:/OneDrive/Studium/Offenburg/Sem7/HDL/VHDL_Eieruhr/Code/statemachine.vhd Line: 58
Warning (13012): Latch SubMain:SubMain_1|StateMachine:StateMachine_1|nxt_mode.st_100_720 has unsafe behavior File: D:/OneDrive/Studium/Offenburg/Sem7/HDL/VHDL_Eieruhr/Code/statemachine.vhd Line: 80
    Warning (13013): Ports D and ENA on the latch are fed by the same signal SubMain:SubMain_1|StateMachine:StateMachine_1|mode.st_120 File: D:/OneDrive/Studium/Offenburg/Sem7/HDL/VHDL_Eieruhr/Code/statemachine.vhd Line: 58
Warning (13012): Latch SubMain:SubMain_1|StateMachine:StateMachine_1|nxt_mode.st_190_636 has unsafe behavior File: D:/OneDrive/Studium/Offenburg/Sem7/HDL/VHDL_Eieruhr/Code/statemachine.vhd Line: 80
    Warning (13013): Ports D and ENA on the latch are fed by the same signal SubMain:SubMain_1|FallingEdge:FallingEdge_Clear|FallingOutput File: D:/OneDrive/Studium/Offenburg/Sem7/HDL/VHDL_Eieruhr/Code/FallingEdge.vhd Line: 30
Warning (13012): Latch SubMain:SubMain_1|StateMachine:StateMachine_1|nxt_mode.st_110_699 has unsafe behavior File: D:/OneDrive/Studium/Offenburg/Sem7/HDL/VHDL_Eieruhr/Code/statemachine.vhd Line: 80
    Warning (13013): Ports D and ENA on the latch are fed by the same signal SubMain:SubMain_1|FallingEdge:FallingEdge_Sec|FallingOutput File: D:/OneDrive/Studium/Offenburg/Sem7/HDL/VHDL_Eieruhr/Code/FallingEdge.vhd Line: 30
Warning (13012): Latch SubMain:SubMain_1|StateMachine:StateMachine_1|nxt_mode.st_111_678 has unsafe behavior File: D:/OneDrive/Studium/Offenburg/Sem7/HDL/VHDL_Eieruhr/Code/statemachine.vhd Line: 80
    Warning (13013): Ports D and ENA on the latch are fed by the same signal SubMain:SubMain_1|FallingEdge:FallingEdge_Sec|FallingOutput File: D:/OneDrive/Studium/Offenburg/Sem7/HDL/VHDL_Eieruhr/Code/FallingEdge.vhd Line: 30
Warning (13012): Latch SubMain:SubMain_1|StateMachine:StateMachine_1|nxt_mode.st_290_594 has unsafe behavior File: D:/OneDrive/Studium/Offenburg/Sem7/HDL/VHDL_Eieruhr/Code/statemachine.vhd Line: 80
    Warning (13013): Ports D and ENA on the latch are fed by the same signal SubMain:SubMain_1|StateMachine:StateMachine_1|mode.st_200 File: D:/OneDrive/Studium/Offenburg/Sem7/HDL/VHDL_Eieruhr/Code/statemachine.vhd Line: 58
Warning (13012): Latch SubMain:SubMain_1|StateMachine:StateMachine_1|nxt_mode.st_300_573 has unsafe behavior File: D:/OneDrive/Studium/Offenburg/Sem7/HDL/VHDL_Eieruhr/Code/statemachine.vhd Line: 80
    Warning (13013): Ports D and ENA on the latch are fed by the same signal SubMain:SubMain_1|StateMachine:StateMachine_1|mode.st_320 File: D:/OneDrive/Studium/Offenburg/Sem7/HDL/VHDL_Eieruhr/Code/statemachine.vhd Line: 58
Warning (13012): Latch SubMain:SubMain_1|StateMachine:StateMachine_1|nxt_mode.st_310_552 has unsafe behavior File: D:/OneDrive/Studium/Offenburg/Sem7/HDL/VHDL_Eieruhr/Code/statemachine.vhd Line: 80
    Warning (13013): Ports D and ENA on the latch are fed by the same signal SubMain:SubMain_1|StateMachine:StateMachine_1|mode.st_300 File: D:/OneDrive/Studium/Offenburg/Sem7/HDL/VHDL_Eieruhr/Code/statemachine.vhd Line: 58
Warning (13012): Latch SubMain:SubMain_1|StateMachine:StateMachine_1|nxt_mode.st_reset_741 has unsafe behavior File: D:/OneDrive/Studium/Offenburg/Sem7/HDL/VHDL_Eieruhr/Code/statemachine.vhd Line: 80
    Warning (13013): Ports D and ENA on the latch are fed by the same signal SubMain:SubMain_1|FallingEdge:FallingEdge_Clear|FallingOutput File: D:/OneDrive/Studium/Offenburg/Sem7/HDL/VHDL_Eieruhr/Code/FallingEdge.vhd Line: 30
Warning (13012): Latch SubMain:SubMain_1|StateMachine:StateMachine_1|BuzzerCounter[2] has unsafe behavior File: D:/OneDrive/Studium/Offenburg/Sem7/HDL/VHDL_Eieruhr/Code/statemachine.vhd Line: 152
    Warning (13013): Ports D and ENA on the latch are fed by the same signal SubMain:SubMain_1|StateMachine:StateMachine_1|mode.st_310 File: D:/OneDrive/Studium/Offenburg/Sem7/HDL/VHDL_Eieruhr/Code/statemachine.vhd Line: 58
Warning (13012): Latch SubMain:SubMain_1|StateMachine:StateMachine_1|BuzzerCounter[1] has unsafe behavior File: D:/OneDrive/Studium/Offenburg/Sem7/HDL/VHDL_Eieruhr/Code/statemachine.vhd Line: 152
    Warning (13013): Ports D and ENA on the latch are fed by the same signal SubMain:SubMain_1|StateMachine:StateMachine_1|mode.st_310 File: D:/OneDrive/Studium/Offenburg/Sem7/HDL/VHDL_Eieruhr/Code/statemachine.vhd Line: 58
Warning (13012): Latch SubMain:SubMain_1|StateMachine:StateMachine_1|BuzzerCounter[0] has unsafe behavior File: D:/OneDrive/Studium/Offenburg/Sem7/HDL/VHDL_Eieruhr/Code/statemachine.vhd Line: 152
    Warning (13013): Ports D and ENA on the latch are fed by the same signal SubMain:SubMain_1|StateMachine:StateMachine_1|mode.st_310 File: D:/OneDrive/Studium/Offenburg/Sem7/HDL/VHDL_Eieruhr/Code/statemachine.vhd Line: 58
Warning (13012): Latch SubMain:SubMain_1|StateMachine:StateMachine_1|BuzzerCounter[4] has unsafe behavior File: D:/OneDrive/Studium/Offenburg/Sem7/HDL/VHDL_Eieruhr/Code/statemachine.vhd Line: 152
    Warning (13013): Ports D and ENA on the latch are fed by the same signal SubMain:SubMain_1|StateMachine:StateMachine_1|mode.st_310 File: D:/OneDrive/Studium/Offenburg/Sem7/HDL/VHDL_Eieruhr/Code/statemachine.vhd Line: 58
Warning (13012): Latch SubMain:SubMain_1|StateMachine:StateMachine_1|BuzzerCounter[5] has unsafe behavior File: D:/OneDrive/Studium/Offenburg/Sem7/HDL/VHDL_Eieruhr/Code/statemachine.vhd Line: 152
    Warning (13013): Ports D and ENA on the latch are fed by the same signal SubMain:SubMain_1|StateMachine:StateMachine_1|mode.st_310 File: D:/OneDrive/Studium/Offenburg/Sem7/HDL/VHDL_Eieruhr/Code/statemachine.vhd Line: 58
Warning (13012): Latch SubMain:SubMain_1|StateMachine:StateMachine_1|BuzzerCounter[6] has unsafe behavior File: D:/OneDrive/Studium/Offenburg/Sem7/HDL/VHDL_Eieruhr/Code/statemachine.vhd Line: 152
    Warning (13013): Ports D and ENA on the latch are fed by the same signal SubMain:SubMain_1|StateMachine:StateMachine_1|mode.st_310 File: D:/OneDrive/Studium/Offenburg/Sem7/HDL/VHDL_Eieruhr/Code/statemachine.vhd Line: 58
Warning (13012): Latch SubMain:SubMain_1|StateMachine:StateMachine_1|BuzzerCounter[7] has unsafe behavior File: D:/OneDrive/Studium/Offenburg/Sem7/HDL/VHDL_Eieruhr/Code/statemachine.vhd Line: 152
    Warning (13013): Ports D and ENA on the latch are fed by the same signal SubMain:SubMain_1|StateMachine:StateMachine_1|mode.st_310 File: D:/OneDrive/Studium/Offenburg/Sem7/HDL/VHDL_Eieruhr/Code/statemachine.vhd Line: 58
Warning (13012): Latch SubMain:SubMain_1|StateMachine:StateMachine_1|BuzzerCounter[8] has unsafe behavior File: D:/OneDrive/Studium/Offenburg/Sem7/HDL/VHDL_Eieruhr/Code/statemachine.vhd Line: 152
    Warning (13013): Ports D and ENA on the latch are fed by the same signal SubMain:SubMain_1|StateMachine:StateMachine_1|mode.st_310 File: D:/OneDrive/Studium/Offenburg/Sem7/HDL/VHDL_Eieruhr/Code/statemachine.vhd Line: 58
Warning (13012): Latch SubMain:SubMain_1|StateMachine:StateMachine_1|BuzzerCounter[9] has unsafe behavior File: D:/OneDrive/Studium/Offenburg/Sem7/HDL/VHDL_Eieruhr/Code/statemachine.vhd Line: 152
    Warning (13013): Ports D and ENA on the latch are fed by the same signal SubMain:SubMain_1|StateMachine:StateMachine_1|mode.st_310 File: D:/OneDrive/Studium/Offenburg/Sem7/HDL/VHDL_Eieruhr/Code/statemachine.vhd Line: 58
Warning (13012): Latch SubMain:SubMain_1|StateMachine:StateMachine_1|BuzzerCounter[3] has unsafe behavior File: D:/OneDrive/Studium/Offenburg/Sem7/HDL/VHDL_Eieruhr/Code/statemachine.vhd Line: 152
    Warning (13013): Ports D and ENA on the latch are fed by the same signal SubMain:SubMain_1|StateMachine:StateMachine_1|mode.st_310 File: D:/OneDrive/Studium/Offenburg/Sem7/HDL/VHDL_Eieruhr/Code/statemachine.vhd Line: 58
Warning (13012): Latch SubMain:SubMain_1|Counter:Counter_1|CountValue[1] has unsafe behavior File: D:/OneDrive/Studium/Offenburg/Sem7/HDL/VHDL_Eieruhr/Code/Counter.vhd Line: 53
    Warning (13013): Ports D and ENA on the latch are fed by the same signal SubMain:SubMain_1|StateMachine:StateMachine_1|CountBlockControl_o[1] File: D:/OneDrive/Studium/Offenburg/Sem7/HDL/VHDL_Eieruhr/Code/statemachine.vhd Line: 152
Warning (13012): Latch SubMain:SubMain_1|Counter:Counter_1|CountValue[2] has unsafe behavior File: D:/OneDrive/Studium/Offenburg/Sem7/HDL/VHDL_Eieruhr/Code/Counter.vhd Line: 53
    Warning (13013): Ports D and ENA on the latch are fed by the same signal SubMain:SubMain_1|StateMachine:StateMachine_1|CountBlockControl_o[1] File: D:/OneDrive/Studium/Offenburg/Sem7/HDL/VHDL_Eieruhr/Code/statemachine.vhd Line: 152
Warning (13012): Latch SubMain:SubMain_1|Counter:Counter_1|CountValue[3] has unsafe behavior File: D:/OneDrive/Studium/Offenburg/Sem7/HDL/VHDL_Eieruhr/Code/Counter.vhd Line: 53
    Warning (13013): Ports D and ENA on the latch are fed by the same signal SubMain:SubMain_1|StateMachine:StateMachine_1|CountBlockControl_o[1] File: D:/OneDrive/Studium/Offenburg/Sem7/HDL/VHDL_Eieruhr/Code/statemachine.vhd Line: 152
Warning (13012): Latch SubMain:SubMain_1|Counter:Counter_1|CountValue[4] has unsafe behavior File: D:/OneDrive/Studium/Offenburg/Sem7/HDL/VHDL_Eieruhr/Code/Counter.vhd Line: 53
    Warning (13013): Ports D and ENA on the latch are fed by the same signal SubMain:SubMain_1|StateMachine:StateMachine_1|CountBlockControl_o[1] File: D:/OneDrive/Studium/Offenburg/Sem7/HDL/VHDL_Eieruhr/Code/statemachine.vhd Line: 152
Warning (13012): Latch SubMain:SubMain_1|Counter:Counter_1|CountValue[5] has unsafe behavior File: D:/OneDrive/Studium/Offenburg/Sem7/HDL/VHDL_Eieruhr/Code/Counter.vhd Line: 53
    Warning (13013): Ports D and ENA on the latch are fed by the same signal SubMain:SubMain_1|StateMachine:StateMachine_1|CountBlockControl_o[1] File: D:/OneDrive/Studium/Offenburg/Sem7/HDL/VHDL_Eieruhr/Code/statemachine.vhd Line: 152
Warning (13012): Latch SubMain:SubMain_1|Counter:Counter_1|CountValue[6] has unsafe behavior File: D:/OneDrive/Studium/Offenburg/Sem7/HDL/VHDL_Eieruhr/Code/Counter.vhd Line: 53
    Warning (13013): Ports D and ENA on the latch are fed by the same signal SubMain:SubMain_1|StateMachine:StateMachine_1|CountBlockControl_o[1] File: D:/OneDrive/Studium/Offenburg/Sem7/HDL/VHDL_Eieruhr/Code/statemachine.vhd Line: 152
Warning (13012): Latch SubMain:SubMain_1|Counter:Counter_1|CountValue[7] has unsafe behavior File: D:/OneDrive/Studium/Offenburg/Sem7/HDL/VHDL_Eieruhr/Code/Counter.vhd Line: 53
    Warning (13013): Ports D and ENA on the latch are fed by the same signal SubMain:SubMain_1|StateMachine:StateMachine_1|CountBlockControl_o[1] File: D:/OneDrive/Studium/Offenburg/Sem7/HDL/VHDL_Eieruhr/Code/statemachine.vhd Line: 152
Warning (13012): Latch SubMain:SubMain_1|Counter:Counter_1|CountValue[8] has unsafe behavior File: D:/OneDrive/Studium/Offenburg/Sem7/HDL/VHDL_Eieruhr/Code/Counter.vhd Line: 53
    Warning (13013): Ports D and ENA on the latch are fed by the same signal SubMain:SubMain_1|StateMachine:StateMachine_1|CountBlockControl_o[1] File: D:/OneDrive/Studium/Offenburg/Sem7/HDL/VHDL_Eieruhr/Code/statemachine.vhd Line: 152
Warning (13012): Latch SubMain:SubMain_1|Counter:Counter_1|CountValue[9] has unsafe behavior File: D:/OneDrive/Studium/Offenburg/Sem7/HDL/VHDL_Eieruhr/Code/Counter.vhd Line: 53
    Warning (13013): Ports D and ENA on the latch are fed by the same signal SubMain:SubMain_1|StateMachine:StateMachine_1|CountBlockControl_o[1] File: D:/OneDrive/Studium/Offenburg/Sem7/HDL/VHDL_Eieruhr/Code/statemachine.vhd Line: 152
Warning (13012): Latch SubMain:SubMain_1|Counter:Counter_1|CountValue[10] has unsafe behavior File: D:/OneDrive/Studium/Offenburg/Sem7/HDL/VHDL_Eieruhr/Code/Counter.vhd Line: 53
    Warning (13013): Ports D and ENA on the latch are fed by the same signal SubMain:SubMain_1|StateMachine:StateMachine_1|CountBlockControl_o[1] File: D:/OneDrive/Studium/Offenburg/Sem7/HDL/VHDL_Eieruhr/Code/statemachine.vhd Line: 152
Warning (13012): Latch SubMain:SubMain_1|Counter:Counter_1|CountValue[11] has unsafe behavior File: D:/OneDrive/Studium/Offenburg/Sem7/HDL/VHDL_Eieruhr/Code/Counter.vhd Line: 53
    Warning (13013): Ports D and ENA on the latch are fed by the same signal SubMain:SubMain_1|StateMachine:StateMachine_1|CountBlockControl_o[1] File: D:/OneDrive/Studium/Offenburg/Sem7/HDL/VHDL_Eieruhr/Code/statemachine.vhd Line: 152
Warning (13012): Latch SubMain:SubMain_1|Counter:Counter_1|CountValue[12] has unsafe behavior File: D:/OneDrive/Studium/Offenburg/Sem7/HDL/VHDL_Eieruhr/Code/Counter.vhd Line: 53
    Warning (13013): Ports D and ENA on the latch are fed by the same signal SubMain:SubMain_1|StateMachine:StateMachine_1|CountBlockControl_o[1] File: D:/OneDrive/Studium/Offenburg/Sem7/HDL/VHDL_Eieruhr/Code/statemachine.vhd Line: 152
Warning (13012): Latch SubMain:SubMain_1|Counter:Counter_1|AlreadyIncremented has unsafe behavior File: D:/OneDrive/Studium/Offenburg/Sem7/HDL/VHDL_Eieruhr/Code/Counter.vhd Line: 48
    Warning (13013): Ports ENA and CLR on the latch are fed by the same signal SubMain:SubMain_1|ClockDivider:ClockDivider_1|clk_out_alt File: D:/OneDrive/Studium/Offenburg/Sem7/HDL/VHDL_Eieruhr/Code/clockdivider.vhd Line: 28
Warning (13024): Output pins are stuck at VCC or GND
    Warning (13410): Pin "Output1[0]" is stuck at GND File: D:/OneDrive/Studium/Offenburg/Sem7/HDL/VHDL_Eieruhr/Code/main.vhd Line: 41
    Warning (13410): Pin "Output1[1]" is stuck at GND File: D:/OneDrive/Studium/Offenburg/Sem7/HDL/VHDL_Eieruhr/Code/main.vhd Line: 41
    Warning (13410): Pin "Output1[2]" is stuck at GND File: D:/OneDrive/Studium/Offenburg/Sem7/HDL/VHDL_Eieruhr/Code/main.vhd Line: 41
    Warning (13410): Pin "Output1[3]" is stuck at GND File: D:/OneDrive/Studium/Offenburg/Sem7/HDL/VHDL_Eieruhr/Code/main.vhd Line: 41
    Warning (13410): Pin "Output1[4]" is stuck at GND File: D:/OneDrive/Studium/Offenburg/Sem7/HDL/VHDL_Eieruhr/Code/main.vhd Line: 41
    Warning (13410): Pin "Output1[5]" is stuck at GND File: D:/OneDrive/Studium/Offenburg/Sem7/HDL/VHDL_Eieruhr/Code/main.vhd Line: 41
    Warning (13410): Pin "Output1[6]" is stuck at GND File: D:/OneDrive/Studium/Offenburg/Sem7/HDL/VHDL_Eieruhr/Code/main.vhd Line: 41
    Warning (13410): Pin "Output2[0]" is stuck at GND File: D:/OneDrive/Studium/Offenburg/Sem7/HDL/VHDL_Eieruhr/Code/main.vhd Line: 42
    Warning (13410): Pin "Output2[1]" is stuck at GND File: D:/OneDrive/Studium/Offenburg/Sem7/HDL/VHDL_Eieruhr/Code/main.vhd Line: 42
    Warning (13410): Pin "Output2[2]" is stuck at GND File: D:/OneDrive/Studium/Offenburg/Sem7/HDL/VHDL_Eieruhr/Code/main.vhd Line: 42
    Warning (13410): Pin "Output2[3]" is stuck at GND File: D:/OneDrive/Studium/Offenburg/Sem7/HDL/VHDL_Eieruhr/Code/main.vhd Line: 42
    Warning (13410): Pin "Output2[4]" is stuck at GND File: D:/OneDrive/Studium/Offenburg/Sem7/HDL/VHDL_Eieruhr/Code/main.vhd Line: 42
    Warning (13410): Pin "Output2[5]" is stuck at GND File: D:/OneDrive/Studium/Offenburg/Sem7/HDL/VHDL_Eieruhr/Code/main.vhd Line: 42
    Warning (13410): Pin "Output2[6]" is stuck at GND File: D:/OneDrive/Studium/Offenburg/Sem7/HDL/VHDL_Eieruhr/Code/main.vhd Line: 42
    Warning (13410): Pin "Output3[0]" is stuck at GND File: D:/OneDrive/Studium/Offenburg/Sem7/HDL/VHDL_Eieruhr/Code/main.vhd Line: 43
    Warning (13410): Pin "Output3[1]" is stuck at GND File: D:/OneDrive/Studium/Offenburg/Sem7/HDL/VHDL_Eieruhr/Code/main.vhd Line: 43
    Warning (13410): Pin "Output3[2]" is stuck at GND File: D:/OneDrive/Studium/Offenburg/Sem7/HDL/VHDL_Eieruhr/Code/main.vhd Line: 43
    Warning (13410): Pin "Output3[3]" is stuck at GND File: D:/OneDrive/Studium/Offenburg/Sem7/HDL/VHDL_Eieruhr/Code/main.vhd Line: 43
    Warning (13410): Pin "Output3[4]" is stuck at GND File: D:/OneDrive/Studium/Offenburg/Sem7/HDL/VHDL_Eieruhr/Code/main.vhd Line: 43
    Warning (13410): Pin "Output3[5]" is stuck at GND File: D:/OneDrive/Studium/Offenburg/Sem7/HDL/VHDL_Eieruhr/Code/main.vhd Line: 43
    Warning (13410): Pin "Output3[6]" is stuck at GND File: D:/OneDrive/Studium/Offenburg/Sem7/HDL/VHDL_Eieruhr/Code/main.vhd Line: 43
    Warning (13410): Pin "Output4[0]" is stuck at GND File: D:/OneDrive/Studium/Offenburg/Sem7/HDL/VHDL_Eieruhr/Code/main.vhd Line: 44
    Warning (13410): Pin "Output4[1]" is stuck at GND File: D:/OneDrive/Studium/Offenburg/Sem7/HDL/VHDL_Eieruhr/Code/main.vhd Line: 44
    Warning (13410): Pin "Output4[2]" is stuck at GND File: D:/OneDrive/Studium/Offenburg/Sem7/HDL/VHDL_Eieruhr/Code/main.vhd Line: 44
    Warning (13410): Pin "Output4[3]" is stuck at GND File: D:/OneDrive/Studium/Offenburg/Sem7/HDL/VHDL_Eieruhr/Code/main.vhd Line: 44
    Warning (13410): Pin "Output4[4]" is stuck at GND File: D:/OneDrive/Studium/Offenburg/Sem7/HDL/VHDL_Eieruhr/Code/main.vhd Line: 44
    Warning (13410): Pin "Output4[5]" is stuck at GND File: D:/OneDrive/Studium/Offenburg/Sem7/HDL/VHDL_Eieruhr/Code/main.vhd Line: 44
    Warning (13410): Pin "Output4[6]" is stuck at GND File: D:/OneDrive/Studium/Offenburg/Sem7/HDL/VHDL_Eieruhr/Code/main.vhd Line: 44
    Warning (13410): Pin "CountValueMainOut[0]" is stuck at GND File: D:/OneDrive/Studium/Offenburg/Sem7/HDL/VHDL_Eieruhr/Code/main.vhd Line: 47
    Warning (13410): Pin "CountValueMainOut[1]" is stuck at GND File: D:/OneDrive/Studium/Offenburg/Sem7/HDL/VHDL_Eieruhr/Code/main.vhd Line: 47
    Warning (13410): Pin "CountValueMainOut[2]" is stuck at GND File: D:/OneDrive/Studium/Offenburg/Sem7/HDL/VHDL_Eieruhr/Code/main.vhd Line: 47
    Warning (13410): Pin "CountValueMainOut[3]" is stuck at GND File: D:/OneDrive/Studium/Offenburg/Sem7/HDL/VHDL_Eieruhr/Code/main.vhd Line: 47
    Warning (13410): Pin "CountValueMainOut[4]" is stuck at GND File: D:/OneDrive/Studium/Offenburg/Sem7/HDL/VHDL_Eieruhr/Code/main.vhd Line: 47
    Warning (13410): Pin "CountValueMainOut[5]" is stuck at GND File: D:/OneDrive/Studium/Offenburg/Sem7/HDL/VHDL_Eieruhr/Code/main.vhd Line: 47
    Warning (13410): Pin "CountValueMainOut[6]" is stuck at GND File: D:/OneDrive/Studium/Offenburg/Sem7/HDL/VHDL_Eieruhr/Code/main.vhd Line: 47
    Warning (13410): Pin "CountValueMainOut[7]" is stuck at GND File: D:/OneDrive/Studium/Offenburg/Sem7/HDL/VHDL_Eieruhr/Code/main.vhd Line: 47
    Warning (13410): Pin "CountValueMainOut[8]" is stuck at GND File: D:/OneDrive/Studium/Offenburg/Sem7/HDL/VHDL_Eieruhr/Code/main.vhd Line: 47
    Warning (13410): Pin "CountValueMainOut[9]" is stuck at GND File: D:/OneDrive/Studium/Offenburg/Sem7/HDL/VHDL_Eieruhr/Code/main.vhd Line: 47
    Warning (13410): Pin "CountValueMainOut[10]" is stuck at GND File: D:/OneDrive/Studium/Offenburg/Sem7/HDL/VHDL_Eieruhr/Code/main.vhd Line: 47
    Warning (13410): Pin "CountValueMainOut[11]" is stuck at GND File: D:/OneDrive/Studium/Offenburg/Sem7/HDL/VHDL_Eieruhr/Code/main.vhd Line: 47
    Warning (13410): Pin "CountValueMainOut[12]" is stuck at GND File: D:/OneDrive/Studium/Offenburg/Sem7/HDL/VHDL_Eieruhr/Code/main.vhd Line: 47
    Warning (13410): Pin "DebugLED_Control[5]" is stuck at GND File: D:/OneDrive/Studium/Offenburg/Sem7/HDL/VHDL_Eieruhr/Code/main.vhd Line: 49
Info (286030): Timing-Driven Synthesis is running
Info (17049): 1 registers lost all their fanouts during netlist optimizations.
Info (16010): Generating hard_block partition "hard_block:auto_generated_inst"
    Info (16011): Adding 0 node(s), including 0 DDIO, 0 PLL, 0 transceiver and 0 LCELL
Warning (21074): Design contains 1 input pin(s) that do not drive logic
    Warning (15610): No output dependent on input pin "BuzzerOverride" File: D:/OneDrive/Studium/Offenburg/Sem7/HDL/VHDL_Eieruhr/Code/main.vhd Line: 37
Info (21057): Implemented 299 device resources after synthesis - the final resource count might be different
    Info (21058): Implemented 7 input pins
    Info (21059): Implemented 52 output pins
    Info (21061): Implemented 240 logic cells
Info: Quartus Prime Analysis & Synthesis was successful. 0 errors, 154 warnings
    Info: Peak virtual memory: 694 megabytes
    Info: Processing ended: Tue Dec 12 16:58:31 2017
    Info: Elapsed time: 00:00:29
    Info: Total CPU time (on all processors): 00:00:55


